Starting Dynare (version 4.5.7).
Starting preprocessing of the model file ...
Found 10 equation(s).
Evaluating expressions...done
Computing static model derivatives:
 - order 1
Computing dynamic model derivatives:
 - order 1
Processing outputs ...
done
Preprocessing completed.

STEADY-STATE RESULTS:

y  		 0.643698
c  		 0.49491
k  		 2.58844
i  		 0.146506
h  		 0.332218
a  		 1
g  		 1.0066
r  		 0.0295782
d  		 0.102287
tb 		 0.00228285

MODEL SUMMARY

  Number of variables:         10
  Number of stochastic shocks: 2
  Number of state variables:   4
  Number of jumpers:           5
  Number of static variables:  4


MATRIX OF COVARIANCE OF EXOGENOUS SHOCKS
Variables          ea        eg
ea           0.000025  0.000000
eg           0.000000  0.000625

POLICY AND TRANSITION FUNCTIONS
                                   y               c               k               i               h               a               g               r               d              tb
Constant                    0.643698        0.494910        2.588440        0.146506        0.332218        1.000000        1.006600        0.029578        0.102287        0.002283
d(-1)                       0.018869       -0.017441        0.011327        0.011401        0.014321               0               0        0.001000        0.997450        0.024908
k(-1)                       0.109046        0.033947        0.839108       -0.105354        0.022365               0               0       -0.000185       -0.184591        0.180453
a(-1)                       0.788359        0.306704        0.658923        0.663272        0.134222        0.950000               0        0.000186        0.185781       -0.181617
g(-1)                       0.016947        0.021149       -0.106858        0.021859       -0.003640               0        0.050000        0.000022        0.021577       -0.026061
ea                          0.829851        0.322846        0.693603        0.698181        0.141287        1.000000               0        0.000196        0.195559       -0.191176
eg                          0.341173        0.425773       -2.151261        0.440064       -0.073273               0        1.006600        0.000435        0.434398       -0.524665


THEORETICAL MOMENTS (HP filter, lambda = 1600)
VARIABLE         MEAN  STD. DEV.   VARIANCE
y              0.6437     0.0135     0.0002
c              0.4949     0.0115     0.0001
k              2.5884     0.0714     0.0051
i              0.1465     0.0123     0.0002
h              0.3322     0.0026     0.0000
a              1.0000     0.0065     0.0000
g              1.0066     0.0242     0.0006
r              0.0296     0.0000     0.0000
d              0.1023     0.0495     0.0025
tb             0.0023     0.0164     0.0003



VARIANCE DECOMPOSITION (in percent) (HP filter, lambda = 1600)
          ea      eg
y      20.89   79.11
c       3.55   96.45
k       3.62   96.38
i      12.73   87.27
h      19.65   80.35
a     100.00    0.00
g       0.00  100.00
r       4.75   95.25
d       4.75   95.25
tb      2.17   97.83



MATRIX OF CORRELATIONS (HP filter, lambda = 1600)
Variables         y       c       k       i       h       a       g       r       d      tb
y            1.0000  0.8619  0.1210  0.3195  0.0778  0.4440  0.6962 -0.1962 -0.1962 -0.0212
c            0.8619  1.0000 -0.3439  0.6255 -0.4385  0.1849  0.9577 -0.3014 -0.3014 -0.4613
k            0.1210 -0.3439  1.0000 -0.8584  0.8907  0.1144 -0.5601 -0.1133 -0.1133  0.9845
i            0.3195  0.6255 -0.8584  1.0000 -0.6636  0.3400  0.7221  0.1231  0.1231 -0.9255
h            0.0778 -0.4385  0.8907 -0.6636  1.0000  0.4235 -0.6490  0.2449  0.2449  0.8693
a            0.4440  0.1849  0.1144  0.3400  0.4235  1.0000  0.0000  0.1461  0.1461 -0.0189
g            0.6962  0.9577 -0.5601  0.7221 -0.6490  0.0000  1.0000 -0.2094 -0.2094 -0.6403
r           -0.1962 -0.3014 -0.1133  0.1231  0.2449  0.1461 -0.2094  1.0000  1.0000 -0.0421
d           -0.1962 -0.3014 -0.1133  0.1231  0.2449  0.1461 -0.2094  1.0000  1.0000 -0.0421
tb          -0.0212 -0.4613  0.9845 -0.9255  0.8693 -0.0189 -0.6403 -0.0421 -0.0421  1.0000



COEFFICIENTS OF AUTOCORRELATION (HP filter, lambda = 1600)
Order         1       2       3       4       5
y        0.2297  0.1229  0.0598  0.0093 -0.0308
c        0.0112 -0.0458 -0.0533 -0.0558 -0.0559
k        0.6979  0.4280  0.2142  0.0507 -0.0701
i        0.4807  0.2721  0.1203  0.0066 -0.0755
h        0.6650  0.4393  0.2548  0.1054 -0.0122
a        0.7133  0.4711  0.2711  0.1098 -0.0163
g       -0.0283 -0.0761 -0.0735 -0.0672 -0.0602
r        0.9535  0.8397  0.6850  0.5101  0.3310
d        0.9535  0.8397  0.6850  0.5101  0.3310
tb       0.6434  0.3863  0.1868  0.0353 -0.0755


Relative standard deviations in %
VARIABLE    REL. S.D.
y              2.0992
c              2.3286
k              2.7593
i              8.3902
h              0.7909
a              0.6517
g              2.4043
r              0.1679
d             48.4273
tb           718.6523

sigmac_sigmay =

    1.1093


sigmai_sigmay =

    3.9968

Total computing time : 0h00m03s
