Starting Dynare (version 4.5.7).
Starting preprocessing of the model file ...
Found 13 equation(s).
Evaluating expressions...done
Computing static model derivatives:
 - order 1
Computing dynamic model derivatives:
 - order 1
Processing outputs ...
done
Preprocessing completed.

STEADY-STATE RESULTS:

y  		 0.788216
c  		 0.554106
k  		 1.11824
l  		 0.661523
d  		 0.037
i  		 0.152305
r  		 0.100059
a  		 1
g  		 1.0107
nu 		 1
mu 		 1
s  		 0.0788
tb 		 0.00300554

MODEL SUMMARY

  Number of variables:         13
  Number of stochastic shocks: 5
  Number of state variables:   7
  Number of jumpers:           6
  Number of static variables:  4


MATRIX OF COVARIANCE OF EXOGENOUS SHOCKS
Variables          ea        eg       enu       emu        es
ea           0.001024  0.000000  0.000000  0.000000  0.000000
eg           0.000000  0.000045  0.000000  0.000000  0.000000
enu          0.000000  0.000000  0.260100  0.000000  0.000000
emu          0.000000  0.000000  0.000000  0.012100  0.000000
es           0.000000  0.000000  0.000000  0.000000  0.003844

POLICY AND TRANSITION FUNCTIONS
                                   y               c               k               l               d               i               r               a               g              nu              mu               s              tb
Constant                    0.788216        0.554106        1.118242        0.661523        0.037000        0.152305        0.100059        1.000000        1.010700        1.000000        1.000000        0.078800        0.003006
d(-1)                      -0.168912       -0.433030       -0.276722       -0.208473        0.525703       -0.279683        0.867276               0               0               0               0               0        0.543801
mu(-1)                     -0.099753       -0.188626       -0.146935       -0.123116       -0.241141       -0.148507        0.512179               0               0               0        0.910000               0        0.237380
s(-1)                      -0.052923       -0.222490       -0.145936       -0.065319        0.164713       -0.147497        0.271734               0               0               0               0        0.460000       -0.142936
k(-1)                       0.397180        0.298963        0.949315        0.211817       -0.015262        0.084972       -0.025178               0               0               0               0               0        0.013244
a(-1)                       1.167581        0.851337        0.269873        0.623871       -0.050110        0.272760       -0.082668        0.840000               0               0               0               0        0.043485
g(-1)                       0.147271        0.098655       -0.136727        0.083586       -0.027789        0.029547       -0.045845               0        0.150000               0               0               0        0.019070
nu(-1)                      0.007454        0.033431       -0.045621        0.009200       -0.023200       -0.046109       -0.038273               0               0        0.840000               0               0        0.020132
ea                          1.389978        1.013496        0.321277        0.742704       -0.059654        0.324715       -0.098414        1.000000               0               0               0               0        0.051767
eg                          0.992314        0.664736       -0.921264        0.563205       -0.187243        0.199085       -0.308904               0        1.010700               0               0               0        0.128493
enu                         0.008874        0.039799       -0.054311        0.010952       -0.027618       -0.054892       -0.045563               0               0        1.000000               0               0        0.023967
emu                        -0.109618       -0.207281       -0.161467       -0.135292       -0.264990       -0.163195        0.562834               0               0               0        1.000000               0        0.260857
es                         -0.009066       -0.038114       -0.024999       -0.011189        0.028216       -0.025267        0.046549               0               0               0               0        0.078800       -0.024486


THEORETICAL MOMENTS (HP filter, lambda = 100)
VARIABLE         MEAN  STD. DEV.   VARIANCE
y              0.7882     0.0460     0.0021
c              0.5541     0.0438     0.0019
k              1.1182     0.0502     0.0025
l              0.6615     0.0276     0.0008
d              0.0370     0.0425     0.0018
i              0.1523     0.0314     0.0010
r              0.1001     0.0651     0.0042
a              1.0000     0.0302     0.0009
g              1.0107     0.0062     0.0000
nu             1.0000     0.4818     0.2321
mu             1.0000     0.1029     0.0106
s              0.0788     0.0045     0.0000
tb             0.0030     0.0317     0.0010



VARIANCE DECOMPOSITION (in percent) (HP filter, lambda = 100)
          ea      eg     enu     emu      es
y      79.38    2.50   10.49    7.58    0.06
c      47.22    1.24   28.82   22.45    0.27
k      13.08    1.41   63.54   21.72    0.25
l      63.25    2.13   10.80   23.72    0.10
d       0.34    0.09   18.87   80.50    0.20
i       9.71    0.20   62.29   27.57    0.23
r       0.39    0.10   21.90   77.38    0.23
a     100.00    0.00    0.00    0.00    0.00
g       0.00  100.00    0.00    0.00    0.00
nu      0.00    0.00  100.00    0.00    0.00
mu      0.00    0.00    0.00  100.00    0.00
s       0.00    0.00    0.00    0.00  100.00
tb      0.29    0.13   17.36   81.92    0.29



MATRIX OF CORRELATIONS (HP filter, lambda = 100)
Variables         y       c       k       l       d       i       r       a       g      nu      mu       s      tb
y            1.0000  0.8445  0.4059  0.9486  0.1780  0.2753 -0.2336  0.8765  0.1520  0.1420 -0.2691 -0.0017  0.0111
c            0.8445  1.0000  0.1170  0.9509  0.0140  0.0696 -0.6575  0.6726  0.1076  0.5149 -0.4254 -0.0423 -0.2202
k            0.4059  0.1170  1.0000  0.3288  0.6769  0.5065  0.0782  0.1111 -0.0674 -0.4276 -0.4118 -0.0074 -0.0731
l            0.9486  0.9509  0.3288  1.0000  0.2066  0.2968 -0.5293  0.7809  0.1417  0.2580 -0.4755 -0.0148 -0.2299
d            0.1780  0.0140  0.6769  0.2066  1.0000  0.5046 -0.1573 -0.0457 -0.0259 -0.3826 -0.7809  0.0379 -0.2657
i            0.2753  0.0696  0.5065  0.2968  0.5046  1.0000 -0.1737  0.3043  0.0439 -0.7846 -0.4536 -0.0432 -0.6804
r           -0.2336 -0.6575  0.0782 -0.5293 -0.1573 -0.1737  1.0000 -0.0493 -0.0279 -0.4122  0.7397  0.0408  0.7362
a            0.8765  0.6726  0.1111  0.7809 -0.0457  0.3043 -0.0493  1.0000  0.0000  0.0000  0.0000  0.0000  0.0407
g            0.1520  0.1076 -0.0674  0.1417 -0.0259  0.0439 -0.0279  0.0000  1.0000 -0.0000  0.0000 -0.0000  0.0283
nu           0.1420  0.5149 -0.4276  0.2580 -0.3826 -0.7846 -0.4122  0.0000 -0.0000  1.0000  0.0000  0.0000  0.2708
mu          -0.2691 -0.4254 -0.4118 -0.4755 -0.7809 -0.4536  0.7397 -0.0000  0.0000  0.0000  1.0000 -0.0000  0.6467
s           -0.0017 -0.0423 -0.0074 -0.0148  0.0379 -0.0432  0.0408 -0.0000 -0.0000  0.0000 -0.0000  1.0000 -0.0427
tb           0.0111 -0.2202 -0.0731 -0.2299 -0.2657 -0.6804  0.7362  0.0407  0.0283  0.2708  0.6467 -0.0427  1.0000



COEFFICIENTS OF AUTOCORRELATION (HP filter, lambda = 100)
Order         1       2       3       4       5
y        0.4915  0.1369 -0.0914 -0.2171 -0.2655
c        0.4516  0.0932 -0.1203 -0.2263 -0.2571
k        0.7835  0.4331  0.0959 -0.1637 -0.3280
l        0.4563  0.1028 -0.1104 -0.2192 -0.2544
d        0.7280  0.3274 -0.0207 -0.2554 -0.3742
i        0.3428 -0.0046 -0.1672 -0.2214 -0.2149
r        0.3537  0.0010 -0.1692 -0.2284 -0.2235
a        0.4431  0.0765 -0.1379 -0.2391 -0.2626
g       -0.0324 -0.1579 -0.1424 -0.1063 -0.0712
nu       0.4431  0.0765 -0.1379 -0.2391 -0.2626
mu       0.4661  0.1026 -0.1188 -0.2309 -0.2650
s        0.2086 -0.1082 -0.2031 -0.1993 -0.1571
tb       0.2442 -0.0899 -0.2057 -0.2139 -0.1752


Relative standard deviations in %
VARIABLE    REL. S.D.
y              5.8351
c              7.9094
k              4.4930
l              4.1795
d            114.8955
i             20.6002
r             65.0655
a              3.0231
g              0.6108
nu            48.1814
mu            10.2927
s              5.6868
tb          1054.6542
Total computing time : 0h00m03s
