Starting Dynare (version 4.5.7).
Starting preprocessing of the model file ...
Found 16 equation(s).
Evaluating expressions...done
Computing static model derivatives:
 - order 1
Computing dynamic model derivatives:
 - order 1
Processing outputs ...
done
Preprocessing completed.




Residuals of the static equations:

Equation number 1 : 0
Equation number 2 : 0
Equation number 3 : 0
Equation number 4 : 0
Equation number 5 : 0
Equation number 6 : 0
Equation number 7 : 0
Equation number 8 : 0
Equation number 9 : 0
Equation number 10 : 0
Equation number 11 : 0
Equation number 12 : 0
Equation number 13 : 0
Equation number 14 : 0
Equation number 15 : 0
Equation number 16 : 0



ans =

  1.0e-015 *

    0.8882
    0.1110
         0
    0.0416
         0
    0.1110
         0
         0
         0
    0.1110
    0.0278
   -0.0139
         0
         0
         0
         0


EIGENVALUES:
         Modulus             Real        Imaginary

          0.4344           0.4344                0
          0.9476           0.9476                0
            0.95             0.95                0
           1.066            1.066                0
           2.325            2.325                0
             Inf              Inf                0
             Inf              Inf                0
             Inf              Inf                0


There are 5 eigenvalue(s) larger than 1 in modulus 
for 5 forward-looking variable(s)

The rank condition is verified.

{Warning: Some of the parameters have
no value (sigma, thetass) when using
steady. If these parameters are not
initialized in a steadystate file or
a steady_state_model-block, Dynare
may not be able to solve the
model...} 

STEADY-STATE RESULTS:

k        		 1.96652
n        		 -0.562119
i        		 -1.72236
lambda   		 0.671148
c        		 -0.671148
w        		 0.846324
h        		 -1.10866
y        		 -0.361352
q        		 -0.105361
f        		 -1.61527
m        		 -2.45924
v        		 -2.35388
a        		 0
LabProd  		 1.30943
LabShare 		 -0.463105
TotHours 		 -1.67078
{Warning: Some of the parameters have
no value (sigma, thetass) when using
stoch_simul. If these parameters are
not initialized in a steadystate
file or a steady_state_model-block,
Dynare may not be able to solve the
model...} 

MODEL SUMMARY

  Number of variables:         16
  Number of stochastic shocks: 1
  Number of state variables:   3
  Number of jumpers:           5
  Number of static variables:  8


MATRIX OF COVARIANCE OF EXOGENOUS SHOCKS
Variables       epsia
epsia        0.000210

POLICY AND TRANSITION FUNCTIONS
                                   k               n               i          lambda               c               w               h               y               q               f               m               v               a         LabProd        LabShare        TotHours
Constant                    1.966522       -0.562119       -1.722358        0.671148       -0.671148        0.846324       -1.108663       -0.361352       -0.105361       -1.615269       -2.459239       -2.353878               0        1.309429       -0.463105       -1.670782
k(-1)                       0.962008       -0.167053       -0.519694       -0.564826        0.564826        0.480825       -0.152278        0.262542        0.742458       -1.113687       -1.113687       -1.856145               0        0.414820        0.066005       -0.152278
n(-1)                       0.045389        0.420046        1.815575       -0.034831        0.034831       -0.109701       -0.293539        0.452135        1.027188       -1.540782       -2.866363       -3.893551               0       -0.254326        0.144625        0.706461
a(-1)                       0.053891        0.340002        2.155656       -0.253677        0.253677        0.393393        0.263423        0.776591       -1.511120        2.266680        2.266680        3.777801        0.950000        0.513168       -0.119775        0.263423
epsia                       0.056728        0.357897        2.269111       -0.267028        0.267028        0.414098        0.277287        0.817464       -1.590653        2.385979        2.385979        3.976632        1.000000        0.540177       -0.126078        0.277287


THEORETICAL MOMENTS (HP filter, lambda = 1600)
VARIABLE         MEAN  STD. DEV.   VARIANCE
k              1.9665     0.0056     0.0000
n             -0.5621     0.0102     0.0001
i             -1.7224     0.0573     0.0033
lambda         0.6711     0.0060     0.0000
c             -0.6711     0.0060     0.0000
w              0.8463     0.0073     0.0001
h             -1.1087     0.0041     0.0000
y             -0.3614     0.0190     0.0004
q             -0.1054     0.0251     0.0006
f             -1.6153     0.0377     0.0014
m             -2.4592     0.0350     0.0012
v             -2.3539     0.0591     0.0035
a              0.0000     0.0189     0.0004
LabProd        1.3094     0.0086     0.0001
LabShare      -0.4631     0.0019     0.0000
TotHours      -1.6708     0.0114     0.0001



MATRIX OF CORRELATIONS (HP filter, lambda = 1600)
Variables           k         n         i    lambda         c         w         h         y         q         f         m         v         a   LabProd  LabShare  TotHours
k              1.0000    0.2101    0.2247   -0.6830    0.6830    0.4861   -0.2668    0.3260    0.1128   -0.1128   -0.2836   -0.2157    0.1842    0.3510    0.2854    0.2775
n              0.2101    1.0000    0.9976   -0.8297    0.8297    0.8774    0.6017    0.9853   -0.7969    0.7969    0.5269    0.6504    0.9586    0.8660   -0.5544    0.9855
i              0.2247    0.9976    1.0000   -0.8493    0.8493    0.9048    0.6406    0.9929   -0.8264    0.8264    0.5699    0.6884    0.9752    0.8982   -0.5955    0.9738
lambda        -0.6830   -0.8297   -0.8493    1.0000   -1.0000   -0.9629   -0.4297   -0.9051    0.6197   -0.6197   -0.3788   -0.4875   -0.8437   -0.9034    0.3926   -0.8239
c              0.6830    0.8297    0.8493   -1.0000    1.0000    0.9629    0.4297    0.9051   -0.6197    0.6197    0.3788    0.4875    0.8437    0.9034   -0.3926    0.8239
w              0.4861    0.8774    0.9048   -0.9629    0.9629    1.0000    0.6573    0.9462   -0.8060    0.8060    0.6127    0.7050    0.9401    0.9855   -0.6253    0.8304
h             -0.2668    0.6017    0.6406   -0.4297    0.4297    0.6573    1.0000    0.6268   -0.9618    0.9618    0.9955    0.9977    0.7801    0.7753   -0.9983    0.4578
y              0.3260    0.9853    0.9929   -0.9051    0.9051    0.9462    0.6268    1.0000   -0.8141    0.8141    0.5599    0.6773    0.9765    0.9306   -0.5831    0.9612
q              0.1128   -0.7969   -0.8264    0.6197   -0.6197   -0.8060   -0.9618   -0.8141    1.0000   -1.0000   -0.9334   -0.9772   -0.9201   -0.8900    0.9445   -0.6828
f             -0.1128    0.7969    0.8264   -0.6197    0.6197    0.8060    0.9618    0.8141   -1.0000    1.0000    0.9334    0.9772    0.9201    0.8900   -0.9445    0.6828
m             -0.2836    0.5269    0.5699   -0.3788    0.3788    0.6127    0.9955    0.5599   -0.9334    0.9334    1.0000    0.9883    0.7249    0.7376   -0.9993    0.3751
v             -0.2157    0.6504    0.6884   -0.4875    0.4875    0.7050    0.9977    0.6773   -0.9772    0.9772    0.9883    1.0000    0.8199    0.8147   -0.9926    0.5121
a              0.1842    0.9586    0.9752   -0.8437    0.8437    0.9401    0.7801    0.9765   -0.9201    0.9201    0.7249    0.8199    1.0000    0.9605   -0.7444    0.8996
LabProd        0.3510    0.8660    0.8982   -0.9034    0.9034    0.9855    0.7753    0.9306   -0.8900    0.8900    0.7376    0.8147    0.9605    1.0000   -0.7485    0.7936
LabShare       0.2854   -0.5544   -0.5955    0.3926   -0.3926   -0.6253   -0.9983   -0.5831    0.9445   -0.9445   -0.9993   -0.9926   -0.7444   -0.7485    1.0000   -0.4054
TotHours       0.2775    0.9855    0.9738   -0.8239    0.8239    0.8304    0.4578    0.9612   -0.6828    0.6828    0.3751    0.5121    0.8996    0.7936   -0.4054    1.0000



COEFFICIENTS OF AUTOCORRELATION (HP filter, lambda = 1600)
Order            1       2       3       4       5
k           0.9662  0.8763  0.7459  0.5907  0.4243
n           0.8578  0.6275  0.3916  0.1826  0.0113
i           0.8324  0.6003  0.3710  0.1706  0.0073
lambda      0.8185  0.6420  0.4732  0.3161  0.1739
c           0.8185  0.6420  0.4732  0.3161  0.1739
w           0.6858  0.4754  0.3163  0.1873  0.0797
h           0.4043  0.1248 -0.0108 -0.0782 -0.1114
y           0.8126  0.5842  0.3650  0.1746  0.0191
q           0.5271  0.2609  0.0982 -0.0076 -0.0782
f           0.5271  0.2609  0.0982 -0.0076 -0.0782
m           0.3564  0.0717 -0.0533 -0.1057 -0.1243
v           0.4160  0.1377 -0.0004 -0.0714 -0.1082
a           0.7133  0.4711  0.2711  0.1098 -0.0163
LabProd     0.5916  0.3600  0.2109  0.1038  0.0217
LabShare    0.3780  0.0956 -0.0342 -0.0934 -0.1186
TotHours    0.8944  0.6680  0.4239  0.2034  0.0209
Total computing time : 0h00m02s
Note: warning(s) encountered in MATLAB/Octave code
