Starting Dynare (version 4.5.7).
Starting preprocessing of the model file ...
Found 12 equation(s).
Evaluating expressions...done
Computing static model derivatives:
 - order 1
Computing dynamic model derivatives:
 - order 1
Processing outputs ...
done
Preprocessing completed.

STEADY-STATE RESULTS:

y   		 1.48649
c   		 1.11695
k   		 3.39768
i   		 0.339768
l   		 1.00742
A   		 1
y_l 		 1.47554
r   		 0.04
w   		 1.00337
d   		 0.7442
tb  		 2.9768
ca  		 2.94703

MODEL SUMMARY

  Number of variables:         12
  Number of stochastic shocks: 1
  Number of state variables:   3
  Number of jumpers:           4
  Number of static variables:  6


MATRIX OF COVARIANCE OF EXOGENOUS SHOCKS
Variables           e
e            0.000166

POLICY AND TRANSITION FUNCTIONS
                                   y               c               k               i               l               A             y_l               r               w               d              tb              ca
Constant                    1.486487        1.116951        3.397685        0.339768        1.007418        1.000000        1.475542        0.040000        1.003368        0.744200        2.976800        2.947032
A(-1)                       1.172119        0.591425        0.499672        0.499672        0.545956        0.420000        0.363840               0        0.247411       -0.081022        8.102244        8.102244
d(-1)                              0       -0.043821       -0.015118       -0.015118               0               0               0        0.000742               0        0.981614        5.893868        5.853316
k(-1)                       0.262839        0.166353        0.661789       -0.238211        0.122426               0        0.081588               0        0.055480       -0.334697       33.469698       33.469698
e                           2.790760        1.408154        1.189695        1.189695        1.299894        1.000000        0.866286               0        0.589074       -0.192911       19.291058       19.291058


THEORETICAL MOMENTS
VARIABLE         MEAN  STD. DEV.   VARIANCE
y              1.4865     0.0432     0.0019
c              1.1170     0.0292     0.0009
k              3.3977     0.0347     0.0012
i              0.3398     0.0160     0.0003
l              1.0074     0.0201     0.0004
A              1.0000     0.0142     0.0002
y_l            1.4755     0.0134     0.0002
r              0.0400     0.0003     0.0000
w              1.0034     0.0091     0.0001
d              0.7442     0.3590     0.1289
tb             2.9768     1.8323     3.3574
ca             2.9470     1.8206     3.3147



MATRIX OF CORRELATIONS
Variables         y       c       k       i       l       A     y_l       r       w       d      tb      ca
y            1.0000  0.8324  0.8104  0.8327  1.0000  0.9793  1.0000 -0.1275  1.0000 -0.1480  0.2989  0.3018
c            0.8324  1.0000  0.9228  0.6551  0.8324  0.7473  0.8324 -0.6551  0.8324 -0.6710 -0.2081 -0.2042
k            0.8104  0.9228  1.0000  0.4366  0.8104  0.6779  0.8104 -0.5273  0.8104 -0.5515  0.0545  0.0591
i            0.8327  0.6551  0.4366  1.0000  0.8327  0.9124  0.8327 -0.0670  0.8327 -0.0719  0.0412  0.0420
l            1.0000  0.8324  0.8104  0.8327  1.0000  0.9793  1.0000 -0.1275  1.0000 -0.1480  0.2989  0.3018
A            0.9793  0.7473  0.6779  0.9124  0.9793  1.0000  0.9793 -0.0120  0.9793 -0.0287  0.3161  0.3183
y_l          1.0000  0.8324  0.8104  0.8327  1.0000  0.9793  1.0000 -0.1275  1.0000 -0.1480  0.2989  0.3018
r           -0.1275 -0.6551 -0.5273 -0.0670 -0.1275 -0.0120 -0.1275  1.0000 -0.1275  0.9995  0.8035  0.8006
w            1.0000  0.8324  0.8104  0.8327  1.0000  0.9793  1.0000 -0.1275  1.0000 -0.1480  0.2989  0.3018
d           -0.1480 -0.6710 -0.5515 -0.0719 -0.1480 -0.0287 -0.1480  0.9995 -0.1480  1.0000  0.7850  0.7821
tb           0.2989 -0.2081  0.0545  0.0412  0.2989  0.3161  0.2989  0.8035  0.2989  0.7850  1.0000  1.0000
ca           0.3018 -0.2042  0.0591  0.0420  0.3018  0.3183  0.3018  0.8006  0.3018  0.7821  1.0000  1.0000



COEFFICIENTS OF AUTOCORRELATION
Order         1       2       3       4       5
y        0.5492  0.3193  0.1965  0.1279  0.0881
c        0.7580  0.6334  0.5659  0.5275  0.5044
k        0.8869  0.7354  0.6042  0.5053  0.4352
i        0.2036 -0.0516 -0.1075 -0.0978 -0.0723
l        0.5492  0.3193  0.1965  0.1279  0.0881
A        0.4200  0.1764  0.0741  0.0311  0.0131
y_l      0.5492  0.3193  0.1965  0.1279  0.0881
r        0.9995  0.9983  0.9963  0.9940  0.9913
w        0.5492  0.3193  0.1965  0.1279  0.0881
d        0.9995  0.9983  0.9963  0.9940  0.9913
tb       0.9608  0.8809  0.8060  0.7473  0.7046
ca       0.9603  0.8795  0.8036  0.7442  0.7010


Relative standard deviations in %
VARIABLE    REL. S.D.
y              2.9034
c              2.6176
k              1.0208
i              4.7172
l              1.9955
A              1.4214
y_l            0.9079
r              0.6659
w              0.9079
d             48.2342
tb            61.5531
ca            61.7787
Total computing time : 0h00m06s
